{
    "uuid":"f87fa9ce-0820-4675-b85d-db18c7bc9fb4",
    "my_order_uuid":"f87fa9ce-0820-4675-b85d-db18c7bc9fb4",
    "events":[
        {"timestamp":1638984440198,"event":{"type":"Started",
        "data":{
            "taker_coin":"MORTY",
            "maker_coin":"RICK",
            "maker":"15d9c51c657ab1be4ae9d3ab6e76a619d3bccfe830d5363fa168424c0d044732",
            "my_persistent_pub":"03b1e544ce2d860219bc91314b5483421a553a7b33044659eff0be9214ed58addd",
            "lock_duration":7800,
            "maker_amount":"0.9090909090909090909090909090909090909090909090909090909090909090909090909090909090909090909090909091",
            "taker_amount":"1",
            "maker_payment_confirmations":1,
            "maker_payment_requires_nota":false,
            "taker_payment_confirmations":1,
            "taker_payment_requires_nota":false,
            "taker_payment_lock":1638992240,
            "uuid":"f87fa9ce-0820-4675-b85d-db18c7bc9fb4",
            "started_at":1638984440,
            "maker_payment_wait":1638987560,
            "maker_coin_start_block":1207822,
            "taker_coin_start_block":1222573,
            "fee_to_send_taker_fee":null,
            "taker_payment_trade_fee":null,
            "maker_payment_spend_trade_fee":null}}},
        {"timestamp":1638984456204,"event":{"type":"Negotiated",
        "data":{
            "maker_payment_locktime":1639000040,
            "maker_pubkey":"0315d9c51c657ab1be4ae9d3ab6e76a619d3bccfe830d5363fa168424c0d044732",
            "secret_hash":"4da9e7080175e8e10842e0e161b33cd298cab30b",
            "maker_coin_swap_contract_addr":null,
            "taker_coin_swap_contract_addr":null}}},
        {"timestamp":1638984457215,"event":{"type":"TakerFeeSent",
        "data":{
            "tx_hex":"0400008085202f89016383e8aced2256378bb126a1ca1a41e2f344d9295f65b3ea4b99055c5eb4a6cb000000006a47304402201c7e661e0dbeb9b3eb6e4e9e3194010e5772227017772b2e48c1b8d48ed3b21f02201c2eda64e74455fa1878a5c221f25d22fe626abd0078a26a9fc0f829e0921639012103b1e544ce2d860219bc91314b5483421a553a7b33044659eff0be9214ed58adddffffffff02bcf60100000000001976a914ca1e04745e8ca0c60d8c5881531d51bec470743f88ac74c3e90b000000001976a91483762a373935ca241d557dfce89171d582b486de88ac08ebb061000000000000000000000000000000",
            "tx_hash":"fcb49167c79e8e014143643b94878866f7e80b26c5a5dcf693010543da70b5bc"}}},
        {"timestamp":1638984457230,"event":{"type":"MakerPaymentReceived",
        "data":{
            "tx_hex":"0400008085202f8901c41fdf6b9d8aea4b472f83e4fa0d99dfafc245e897d681fd2ca7df30707fbf48020000006b483045022100c7b294bd46cbf3b13530879a43c5cf67414047266d8b64c3c7263b5e75b989ba02201974f38d688b184bc44e628806c6ab2ac9092f394729d0ce838f14e1e76117c001210315d9c51c657ab1be4ae9d3ab6e76a619d3bccfe830d5363fa168424c0d044732ffffffff03a2296b050000000017a91491c45f69e1760c12a1f90fb2a811f6dfde35cc35870000000000000000166a144da9e7080175e8e10842e0e161b33cd298cab30bac503d64000000001976a9141462c3dd3f936d595c9af55978003b27c250441f88ac09ebb061000000000000000000000000000000",
            "tx_hash":"6287e0d30951cd859bfb837eb1e5409f7596e75ffeb2e61fd6df1843bfd0203d"}}},
        {"timestamp":1638984457230,"event":{"type":"MakerPaymentWaitConfirmStarted"}},
        {"timestamp":1638984504262,"event":{"type":"MakerPaymentValidatedAndConfirmed"}},
        {"timestamp":1638984504262,"event":{"type":"TakerPaymentSent",
        "data":{
            "tx_hex":"0400008085202f8901bcb570da43050193f6dca5c5260be8f7668887943b644341018e9ec76791b4fc010000006b483045022100fe6c90568a256b531bcd18321c15b3ce68c2d5d603768dea6aba68dcc170b801022076a34c006a92786bcdee6a1dcb46947fb49911e4f51ec27e880c3396d64d59b2012103b1e544ce2d860219bc91314b5483421a553a7b33044659eff0be9214ed58adddffffffff0300e1f5050000000017a9145a6125d597d2ce37bde9983d4d9d481335139bc4870000000000000000166a144da9e7080175e8e10842e0e161b33cd298cab30b8cdef305000000001976a91483762a373935ca241d557dfce89171d582b486de88ac37ebb061000000000000000000000000000000",
            "tx_hash":"667dea45dbd36e1f15ee8170e73e2afefd0a15d47d3bcd65655ca71d838445a2"}}},
        {"timestamp":1638984594337,"event":{"type":"TakerPaymentSpent",
        "data":{
            "transaction":{
                "tx_hex":"0400008085202f8901a24584831da75c6565cd3b7dd4150afdfe2a3ee77081ee151f6ed3db45ea7d6600000000d74730440220422edb8ef5cd3991eb309c3a4fa5fe5d9ffe08d3d6b4b789c5587061d7993864022049cd082398f5a37a9e7411d56976e61bcce9162d0f5f1fb24e40bcf2f4ec0052012023a6bb64bc0ab2cc14cb84277d8d25134b814e5f999c66e578c9bba3c5e2d3a4004c6b63047009b161b1752103b1e544ce2d860219bc91314b5483421a553a7b33044659eff0be9214ed58adddac6782012088a9144da9e7080175e8e10842e0e161b33cd298cab30b88210315d9c51c657ab1be4ae9d3ab6e76a619d3bccfe830d5363fa168424c0d044732ac68ffffffff0118ddf505000000001976a9141462c3dd3f936d595c9af55978003b27c250441f88ac7009b161000000000000000000000000000000",
                "tx_hash":"ab1eb5b65a302370af2607e0b64b60fc04360de33a87799bca1dcf337344b616"},
                "secret":"23a6bb64bc0ab2cc14cb84277d8d25134b814e5f999c66e578c9bba3c5e2d3a4"}}}],
                "maker_amount":"0.9090909090909090909090909090909090909090909090909090909090909090909090909090909090909090909090909091",
                "maker_coin":"RICK",
                "taker_amount":"1",
                "taker_coin":"MORTY",
                "gui":null,
                "mm_version":"",
                "success_events":["Started","Negotiated","TakerFeeSent","TakerPaymentInstructionsReceived","MakerPaymentReceived","MakerPaymentWaitConfirmStarted","MakerPaymentValidatedAndConfirmed","TakerPaymentSent","TakerPaymentSpent","MakerPaymentSpent","Finished"],
                "error_events":["StartFailed","NegotiateFailed","TakerFeeSendFailed","MakerPaymentValidateFailed","MakerPaymentWaitConfirmFailed","TakerPaymentTransactionFailed","TakerPaymentWaitConfirmFailed","TakerPaymentDataSendFailed","TakerPaymentWaitForSpendFailed","MakerPaymentSpendFailed","TakerPaymentWaitRefundStarted","TakerPaymentRefundStarted","TakerPaymentRefunded","TakerPaymentRefundedByWatcher","TakerPaymentRefundFailed","TakerPaymentRefundFinished"]
}